============================= test session starts =============================
platform win32 -- Python 3.13.7, pytest-9.0.2, pluggy-1.6.0
rootdir: C:\Users\sandr\Bug Tracker
plugins: anyio-4.10.0, Flask-Dance-7.1.0, flask-1.3.0
collected 1 item / 1 error

=================================== ERRORS ====================================
____________________ ERROR collecting tests/test_basic.py _____________________
tests\test_basic.py:2: in <module>
    from app import create_app
app\__init__.py:14: in <module>
    from models import User, Bug # Import models to ensure they are registered
    ^^^^^^^^^^^^^^^^^^^^^^^^^^^^
models\__init__.py:1: in <module>
    from .user import User
models\user.py:7: in <module>
    class User(db.Model, UserMixin):
               ^^
E   NameError: name 'db' is not defined
=========================== short test summary info ===========================
ERROR tests/test_basic.py - NameError: name 'db' is not defined
!!!!!!!!!!!!!!!!!!! Interrupted: 1 error during collection !!!!!!!!!!!!!!!!!!!!
============================== 1 error in 2.04s ===============================
